[  1%] Generating stargus.png
[  1%] Building CXX object CMakeFiles/json_transition.dir/tools/json_transition.cpp.o
[  2%] Building C object CMakeFiles/iscript.dir/tools/iscript.c.o
[  3%] Generating stargus.xpm
[  4%] Building CXX object CMakeFiles/stargus.dir/src/stargus.cpp.o
[  5%] Building CXX object CMakeFiles/starformat.dir/src/Breeze.cpp.o
[  6%] Building CXX object CMakeFiles/starformat.dir/src/AbstractPalette.cpp.o
[  7%] Building CXX object CMakeFiles/starformat.dir/src/Casc.cpp.o
[  8%] Building CXX object CMakeFiles/starformat.dir/src/Color.cpp.o
[  8%] Building CXX object CMakeFiles/starformat.dir/src/Dds.cpp.o
[  9%] Building CXX object CMakeFiles/starformat.dir/src/Chk.cpp.o
[ 10%] Building CXX object CMakeFiles/starformat.dir/src/Converter.cpp.o
[ 11%] Building CXX object CMakeFiles/starformat.dir/src/FileNotFoundException.cpp.o
[ 12%] Building CXX object CMakeFiles/starformat.dir/src/DataChunk.cpp.o
[ 13%] Building CXX object CMakeFiles/starformat.dir/src/Panel.cpp.o
[ 14%] Building CXX object CMakeFiles/starformat.dir/src/Palette2D.cpp.o
[ 15%] Building CXX object CMakeFiles/starformat.dir/src/ImagesConverter.cpp.o
[ 16%] Building CXX object CMakeFiles/starformat.dir/src/PaletteImage.cpp.o
[ 17%] Building CXX object CMakeFiles/starformat.dir/src/Hurricane.cpp.o
[ 18%] Building CXX object CMakeFiles/starformat.dir/src/Grp.cpp.o
[ 19%] Building CXX object CMakeFiles/starformat.dir/src/Storm.cpp.o
[ 19%] Building CXX object CMakeFiles/starformat.dir/src/NoValidPaletteException.cpp.o
[ 20%] Building CXX object CMakeFiles/starformat.dir/src/Wav.cpp.o
[ 20%] Building CXX object CMakeFiles/starformat.dir/src/Palette.cpp.o
[ 22%] Building CXX object CMakeFiles/starformat.dir/src/KaitaiConverter.cpp.o
[ 21%] Building CXX object CMakeFiles/starformat.dir/src/Widgets.cpp.o
[ 23%] Building CXX object CMakeFiles/starformat.dir/src/Storage.cpp.o
[ 24%] Building CXX object CMakeFiles/starformat.dir/src/WorldMap.cpp.o
[ 25%] Building CXX object CMakeFiles/starformat.dir/src/PngExporter.cpp.o
[ 26%] Building CXX object CMakeFiles/starformat.dir/src/UIConsole.cpp.o
[ 27%] Building CXX object CMakeFiles/starformat.dir/src/dat/DataHub.cpp.o
[ 28%] Building CXX object CMakeFiles/starformat.dir/src/dat/Order.cpp.o
[ 29%] Building CXX object CMakeFiles/starformat.dir/src/StringUtil.cpp.o
[ 30%] Building CXX object CMakeFiles/starformat.dir/src/dat/PropertyNotAvailableException.cpp.o
[ 31%] Building CXX object CMakeFiles/starformat.dir/src/dat/Portrait.cpp.o
[ 31%] Building CXX object CMakeFiles/starformat.dir/src/Preferences.cpp.o
[ 32%] Building CXX object CMakeFiles/starformat.dir/src/SfxConverter.cpp.o
[ 33%] Building CXX object CMakeFiles/starformat.dir/src/platform.cpp.o
[ 34%] Building CXX object CMakeFiles/starformat.dir/src/kaitai/images_dat.cpp.o
[ 35%] Building CXX object CMakeFiles/starformat.dir/src/kaitai/file_tbl.cpp.o
[ 36%] Building CXX object CMakeFiles/starformat.dir/src/Scm.cpp.o
[ 36%] Building CXX object CMakeFiles/starformat.dir/src/dat/IScript.cpp.o
[ 37%] Building CXX object CMakeFiles/starformat.dir/src/luagen.cpp.o
[ 38%] Building CXX object CMakeFiles/starformat.dir/src/kaitai/flingy_dat.cpp.o
[ 39%] Building CXX object CMakeFiles/starformat.dir/src/dat/Flingy.cpp.o
[ 40%] Building CXX object CMakeFiles/starformat.dir/src/UnitsConverter.cpp.o
[ 41%] Building CXX object CMakeFiles/starformat.dir/src/pacman.cpp.o
[ 42%] Building CXX object CMakeFiles/starformat.dir/src/dat/Image.cpp.o
[ 42%] Building CXX object CMakeFiles/starformat.dir/src/dat/TblEntry.cpp.o
[ 43%] Building CXX object CMakeFiles/starformat.dir/src/FileUtil.cpp.o
[ 44%] Building CXX object CMakeFiles/starformat.dir/src/Font.cpp.o
[ 45%] Building CXX object CMakeFiles/starformat.dir/src/dat/Unit.cpp.o
[ 46%] Building CXX object CMakeFiles/starformat.dir/src/kaitai/tileset_vr4.cpp.o
[ 47%] Building CXX object CMakeFiles/starformat.dir/src/dat/Weapon.cpp.o
[ 48%] Building CXX object CMakeFiles/starformat.dir/src/PortraitsConverter.cpp.o
[ 49%] Building CXX object CMakeFiles/starformat.dir/src/Pcx.cpp.o
[ 52%] Building CXX object CMakeFiles/starformat.dir/src/kaitai/sprites_dat.cpp.o
[ 50%] Building CXX object CMakeFiles/starformat.dir/src/dat/Upgrade.cpp.o
[ 52%] Building CXX object CMakeFiles/starformat.dir/src/dat/Sfx.cpp.o
[ 53%] Building CXX object CMakeFiles/starformat.dir/src/tileset/MegaTile.cpp.o
[ 54%] Building CXX object CMakeFiles/starformat.dir/src/libgrp/GRPImage/GRPImage.cpp.o
[ 55%] Building CXX object CMakeFiles/starformat.dir/src/dat/Techdata.cpp.o
[ 56%] Building CXX object CMakeFiles/starformat.dir/src/Smacker.cpp.o
[ 57%] Building CXX object CMakeFiles/starformat.dir/src/dat/Tbl.cpp.o
[ 58%] Building CXX object CMakeFiles/starformat.dir/src/kaitai/opcode_list_type.cpp.o
[ 59%] Building CXX object CMakeFiles/starformat.dir/src/dat/Sprite.cpp.o
[ 60%] Building CXX object CMakeFiles/starformat.dir/src/kaitai/tileset_vf4.cpp.o
[ 61%] Building CXX object CMakeFiles/starformat.dir/src/kaitai/tileset_vx4.cpp.o
[ 61%] Building CXX object CMakeFiles/starformat.dir/src/kaitai/iscript_bin.cpp.o
[ 61%] Building CXX object CMakeFiles/starformat.dir/src/kaitai/techdata_dat.cpp.o
[ 62%] Building CXX object CMakeFiles/starformat.dir/src/kaitai/kaitaistream.cpp.o
[ 63%] Building CXX object CMakeFiles/starformat.dir/src/tileset/TilesetHub.cpp.o
[ 64%] Building CXX object CMakeFiles/starformat.dir/src/kaitai/sfxdata_dat.cpp.o
[ 65%] Building CXX object CMakeFiles/starformat.dir/src/libgrp/libgrp.cpp.o
[ 65%] Building CXX object CMakeFiles/starformat.dir/src/kaitai/weapons_dat.cpp.o
[ 66%] Building CXX object CMakeFiles/starformat.dir/src/libgrp/Exceptions/GRPException.cpp.o
[ 67%] Building CXX object CMakeFiles/starformat.dir/src/kaitai/orders_dat.cpp.o
[ 68%] Building CXX object CMakeFiles/starformat.dir/src/kaitai/portdata_dat.cpp.o
[ 69%] Building CXX object CMakeFiles/starformat.dir/src/kaitai/mapdata_dat.cpp.o
[ 70%] Building CXX object CMakeFiles/starformat.dir/src/kaitai/upgrades_dat.cpp.o
[ 71%] Building CXX object CMakeFiles/starformat.dir/src/kaitai/tileset_dddata_bin.cpp.o
[ 71%] Building CXX object CMakeFiles/starformat.dir/src/tileset/TiledPaletteImage.cpp.o
[ 73%] Building CXX object CMakeFiles/starformat.dir/src/kaitai/tileset_cv5.cpp.o
[ 74%] Building CXX object CMakeFiles/starformat.dir/src/kaitai/units_dat.cpp.o
[ 74%] Building CXX object CMakeFiles/starformat.dir/src/libgrp/Exceptions/GRPImage/GRPImageException.cpp.o
[ 75%] Building CXX object CMakeFiles/starformat.dir/src/libgrp/GRPFrame/GRPFrame.cpp.o
[ 76%] Building CXX object CMakeFiles/starformat.dir/src/libgrp/Exceptions/GRPFrame/GRPFrameException.cpp.o
[ 77%] Linking C executable iscript
[ 77%] Built target iscript
[ 77%] Built target stargus-icons
[ 78%] Linking CXX executable stargus
[ 78%] Built target stargus
[ 79%] Linking CXX static library libstarformat.a
[ 79%] Built target starformat
[ 80%] Building CXX object CMakeFiles/LuaTest.dir/tests/lua/LuaTest.cpp.o
[ 81%] Building CXX object CMakeFiles/sauwetter.dir/tools/sauwetter/sauwetter.cpp.o
[ 82%] Building CXX object CMakeFiles/scdat2json.dir/tools/scdat2json/UnitsJsonExporter.cpp.o
[ 82%] Building CXX object CMakeFiles/LuaTest.dir/tests/lua/CreateUnitLuaTest.cpp.o
[ 83%] Building CXX object CMakeFiles/grptool.dir/tools/grptool/grptool.cpp.o
[ 84%] Building CXX object CMakeFiles/StartoolUnitTest.dir/tests/module/StormTest.cpp.o
[ 85%] Building CXX object CMakeFiles/scdat2json.dir/tools/scdat2json/scdat2json.cpp.o
[ 85%] Building CXX object CMakeFiles/StartoolUnitTest.dir/tests/module/PcxTest.cpp.o
[ 86%] Building CXX object CMakeFiles/StartoolUnitTest.dir/tests/module/BreezeTest.cpp.o
[ 87%] Building CXX object CMakeFiles/scdat2json.dir/tools/scdat2json/to_json.cpp.o
[ 88%] Building CXX object CMakeFiles/startool.dir/src/startool.cpp.o
[ 89%] Building CXX object CMakeFiles/StartoolUnitTest.dir/tests/module/TestMain.cpp.o
[ 90%] Building CXX object CMakeFiles/StartoolUnitTest.dir/tests/module/TestHelpers.cpp.o
[ 92%] Building CXX object CMakeFiles/StartoolUnitTest.dir/tests/module/DataChunkTest.cpp.o
[ 92%] Building CXX object CMakeFiles/scdat2json.dir/tools/scdat2json/SCJsonExporter.cpp.o
[ 93%] Building CXX object CMakeFiles/StartoolUnitTest.dir/tests/module/TiledPaletteImageTest.cpp.o
[ 94%] Building CXX object CMakeFiles/StartoolUnitTest.dir/tests/module/luagenTest.cpp.o
[ 95%] Linking CXX executable json_transition
[ 95%] Built target json_transition
[ 96%] Linking CXX executable sauwetter
[ 96%] Built target sauwetter
[ 97%] Linking CXX executable StartoolUnitTest
[ 98%] Linking CXX executable grptool
[ 98%] Built target grptool
[ 98%] Built target StartoolUnitTest
[ 99%] Linking CXX executable LuaTest
[ 99%] Built target LuaTest
[100%] Linking CXX executable startool
[100%] Linking CXX executable scdat2json
[100%] Built target scdat2json
[100%] Built target startool
